Microsoft (R) Macro Assembler Version 5.00                  12/4/22 16:56:49
                                                             Page     1-1


       1				; This program solves the ((13+44)*2-32
					)/9 expression 
       2				 
       3 0000				SEG1 SEGMENT 
       4 0000  0D				OPER1 DB 13 
       5 0001  2C				OPER2 DB 44 
       6 0002  02				OPER3 DB 2 
       7 0003  20				OPER4 DB 32 
       8 0004  09				OPER5 DB 9 
       9 0005  ????				RESULT DW ? 
      10 0007				SEG1 ENDS 
      11				 
      12 0000				CODE SEGMENT 
      13				ASSUME CS:CODE, DS:SEG1 
      14 0000				START: 
      15 0000  B8 ---- R			MOV AX,SEG1 
      16 0003  8E D8				MOV DS,AX 
      17				 
      18 0005  8A 26 0000 R			MOV AH,OPER1	; Addition 
      19 0009  02 26 0001 R			ADD AH,OPER2 
      20				 
      21 000D  8A C4				MOV AL,AH		; Multi
					plication 
      22 000F  8A 1E 0002 R			MOV BL,OPER3 
      23 0013  F6 E3				MUL BL 
      24				 
      25 0015  2A 06 0003 R			SUB AL,OPER4	; Substraction 
      26				 
      27 0019  8A 3E 0004 R			MOV BH,OPER5	; Division 
      28 001D  F6 F7				DIV BH 
      29				 
      30 001F  A3 0005 R			MOV RESULT,AX 
      31				 
      32 0022  B4 4C				MOV AH,4CH 
      33 0024  CD 21				INT 21H 
      34 0026				CODE ENDS 
      35				END START 
Microsoft (R) Macro Assembler Version 5.00                  12/4/22 16:56:49
                                                             Symbols-1


Segments and Groups:

                N a m e         	Length	 Align	Combine Class

CODE . . . . . . . . . . . . . .  	0026	PARA	NONE	
SEG1 . . . . . . . . . . . . . .  	0007	PARA	NONE	

Symbols:            

                N a m e         	Type	 Value	 Attr

OPER1  . . . . . . . . . . . . .  	L BYTE	0000	SEG1
OPER2  . . . . . . . . . . . . .  	L BYTE	0001	SEG1
OPER3  . . . . . . . . . . . . .  	L BYTE	0002	SEG1
OPER4  . . . . . . . . . . . . .  	L BYTE	0003	SEG1
OPER5  . . . . . . . . . . . . .  	L BYTE	0004	SEG1

RESULT . . . . . . . . . . . . .  	L WORD	0005	SEG1

START  . . . . . . . . . . . . .  	L NEAR	0000	CODE

@FILENAME  . . . . . . . . . . .  	TEXT  program		


     35 Source  Lines
     35 Total   Lines
     11 Symbols

  50494 + 466034 Bytes symbol space free

      0 Warning Errors
      0 Severe  Errors
